[www.edukitinc.com/index.html]
[backblue.gif]
[fade.gif]
[index.html]
[www.edukitinc.com/Themes/Webmoco.Responsive.No1/Scripts/jquery.min.js]
[www.edukitinc.com/Themes/Webmoco.Responsive.No1/Styles/bootstrap.min.css]
[www.edukitinc.com/Themes/Webmoco.Responsive.No1/Styles/stylea046.css]
[www.edukitinc.com/Themes/Webmoco.Responsive.No1/Content/favicon.ico]
[ajax.aspnetcdn.com/ajax/jquery.ui/1.12.1/themes/blitzer/jquery-ui.css]
[cdnjs.cloudflare.com/ajax/libs/jquery-confirm/3.3.0/jquery-confirm.min.css]
[api.cartstack.com/js/customer-tracking/www.edukitinc.com_29001b184c4484aa7bd2813396dd9531.js]
[embed.tawk.to/6616ee061ec1082f04e0f5d4/1hr4p3iqm.js]
[www.edukitinc.com/account/login.html]
[www.edukitinc.com/cart.html]
[www.edukitinc.com/Themes/Webmoco.Responsive.No1/Content/images/cart-icon.png]
[www.edukitinc.com/Themes/Webmoco.Responsive.No1/Content/images/EduKit-Logo-2018.svg]
[www.edukitinc.com/find-your-school.html]
[www.edukitinc.com/program.html]
[www.edukitinc.com/district-kits.html]
[www.edukitinc.com/school-information.html]
[www.edukitinc.com/about-us.html]
[www.edukitinc.com/online-school-supplies.html]
[www.edukitinc.com/blog.html]
[www.edukitinc.com/contact.html]
[www.edukitinc.com/customer-service.html]
[www.edukitinc.com/employment-opportunities.html]
[www.edukitinc.com/Media/Default/Images/ctaschool.png]
[www.edukitinc.com/Media/Default/Images/ctafamily.png]
[cdnjs.cloudflare.com/ajax/libs/jquery-confirm/3.3.0/jquery-confirm.min.js]
[cdnsrc.asp.net/ajax/jquery.ui/1.9.2/jquery-ui.min.js]
[www.edukitinc.com/Themes/Webmoco.Responsive.No1/Content/images/search-icon.png]
[www.edukitinc.com/Themes/Webmoco.Responsive.No1/Content/images/step1.jpg]
[www.edukitinc.com/Themes/Webmoco.Responsive.No1/Content/images/step2.jpg]
[www.edukitinc.com/Themes/Webmoco.Responsive.No1/Content/images/step3.jpg]
[www.edukitinc.com/school-supplies.html]
[www.edukitinc.com/Themes/Webmoco.Responsive.No1/Content/images/about-classroom.jpg]
[www.edukitinc.com/Media/Default/Images/order-icon-orange.png]
[www.edukitinc.com/Media/Default/Images/calendar-icon-red.png]
[www.edukitinc.com/Media/Default/Images/manage-icon-purple.png]
[www.edukitinc.com/faqs.html]
[www.edukitinc.com/testimonials.html]
[www.edukitinc.com/Themes/Webmoco.Responsive.No1/Content/images/Scissors.png]
[www.edukitinc.com/Management/coordinator/login.html]
[www.edukitinc.com/student-planners.html]
[www.edukitinc.com/Media/EduKit-Program-Advantages.pdf]
[www.edukitinc.com/Media/EduKit-Brochure_2018-Web.pdf]
[www.edukitinc.com/Themes/Webmoco.Responsive.No1/Content/images/Markers.png]
[www.edukitinc.com/returns-and-exchanges.html]
[www.edukitinc.com/Themes/Webmoco.Responsive.No1/Content/images/facebook.png]
[www.edukitinc.com/Themes/Webmoco.Responsive.No1/Content/images/linkedin.png]
[www.edukitinc.com/Themes/Webmoco.Responsive.No1/Content/images/pinterest.png]
[www.edukitinc.com/Themes/Webmoco.Responsive.No1/Content/images/instagram.png]
[www.edukitinc.com/Themes/Webmoco.Responsive.No1/Content/images/Notebook.png]
[www.edukitinc.com/Themes/Webmoco.Responsive.No1/Content/images/Edukit-logo.png]
[www.edukitinc.com/sitemap.html]
[www.edukitinc.com/Themes/Webmoco.Responsive.No1/Scripts/bootstrap.min.js]
[www.edukitinc.com/Themes/Webmoco.Responsive.No1/Scripts/tinynav.min.js]
[www.edukitinc.com/Themes/Webmoco.Responsive.No1/Scripts/main.js]
[cdnjs.cloudflare.com/ajax/libs/jquery-confirm/3.3.4/jquery-confirm.min.js]
[cdnjs.cloudflare.com/ajax/libs/jquery-cookie/1.4.1/jquery.cookie.min.js]
[js.hs-scripts.com/56598426f99.js]
[www.edukitinc.com/index.html]
[embed.tawk.to/6616ee061ec1082f04e0f5d4/1hr4p3iqm.js]
[cdnsrc.asp.net/ajax/jquery.ui/1.12.1/jquery-ui.min.js]
[www.edukitinc.com/Modules/Edukit/Scripts/tinymce/tinymce.min.js]
[www.edukitinc.com/account/forgot-password.html]
[www.edukitinc.com/account/login.html]
[cdnjs.cloudflare.com/ajax/libs/jquery-confirm/3.3.4/jquery-confirm.min.css]
[www.edukitinc.com/cart.html]
[www.edukitinc.com/find-your-school.html]
[www.edukitinc.com/Themes/Webmoco.Responsive.No1/Content/images/ChalkboardBG.jpg]
[www.edukitinc.com/Themes/Webmoco.Responsive.No1/Content/images/fullcart-icon.png]
[www.edukitinc.com/Themes/Webmoco.Responsive.No1/Content/images/delivery-icon.png]
[www.edukitinc.com/Media/Default/Images/advertising-images/EduKit-High-Res2018-w-Shadow-(1).png]
[www.edukitinc.com/Themes/Webmoco.Responsive.No1/Content/images/wow-face-icon.png]
[www.edukitinc.com/Themes/Webmoco.Responsive.No1/Content/images/awesomeness.png]
[www.edukitinc.com/Themes/Webmoco.Responsive.No1/Content/images/step1.png]
[www.edukitinc.com/Themes/Webmoco.Responsive.No1/Content/images/step2.png]
[www.edukitinc.com/Themes/Webmoco.Responsive.No1/Content/images/step3.png]
[www.edukitinc.com/Themes/Webmoco.Responsive.No1/Content/images/step4.png]
[www.edukitinc.com/Themes/Webmoco.Responsive.No1/Content/images/step5.png]
[www.edukitinc.com/program.html]
[www.edukitinc.com/Themes/Webmoco.Responsive.No1/Styles/slick.css]
[www.edukitinc.com/Themes/Webmoco.Responsive.No1/Styles/slick-theme.css]
[www.edukitinc.com/Themes/Webmoco.Responsive.No1/DistrictKits/images/kit-img.png]
[www.edukitinc.com/Themes/Webmoco.Responsive.No1/DistrictKits/images/xs-img.png]
[js.hsforms.net/forms/embed/v2.js]
[www.edukitinc.com/Themes/Webmoco.Responsive.No1/DistrictKits/images/quote.png]
[www.edukitinc.com/Themes/Webmoco.Responsive.No1/Scripts/slick.min.js]
[www.edukitinc.com/Themes/Webmoco.Responsive.No1/DistrictKits/images/program.png]
[www.edukitinc.com/Themes/Webmoco.Responsive.No1/DistrictKits/images/time.png]
[www.edukitinc.com/Themes/Webmoco.Responsive.No1/DistrictKits/images/mind.png]
[www.edukitinc.com/Themes/Webmoco.Responsive.No1/DistrictKits/images/funding.png]
[www.edukitinc.com/Themes/Webmoco.Responsive.No1/DistrictKits/images/equity.png]
[www.edukitinc.com/district-kits.html]
[www.edukitinc.com/school-information.html]
[www.edukitinc.com/Themes/Webmoco.Responsive.No1/Content/images/classroom-project.jpg]
[www.edukitinc.com/Themes/Webmoco.Responsive.No1/Content/images/colored-pencils.jpg]
[www.edukitinc.com/Themes/Webmoco.Responsive.No1/Content/images/kid.jpg]
[www.edukitinc.com/Themes/Webmoco.Responsive.No1/Content/images/hands.jpg]
[www.edukitinc.com/Themes/Webmoco.Responsive.No1/Content/images/cape.jpg]
[www.edukitinc.com/blog/how-to-get-your-children-back-into-a-school-routine.html]
[www.edukitinc.com/blog/how-to-prepare-for-the-2021-22-school-year-student-edition.html]
[www.edukitinc.com/Themes/Webmoco.Responsive.No1/Content/images/warehouse.jpg]
[www.edukitinc.com/Themes/Webmoco.Responsive.No1/Content/images/sun-icon.png]
[www.edukitinc.com/Themes/Webmoco.Responsive.No1/Content/images/cap-icon.png]
[www.edukitinc.com/Themes/Webmoco.Responsive.No1/Content/images/hand-icon.png]
[www.edukitinc.com/Themes/Webmoco.Responsive.No1/Content/images/heart.png]
[www.edukitinc.com/about-us.html]
[www.edukitinc.com/Themes/Webmoco.Responsive.No1/Styles/style.css]
[www.edukitinc.com/Themes/Webmoco.Responsive.No1/PillarPage/pillar-page-css.css]
[www.edukitinc.com/Themes/Webmoco.Responsive.No1/PillarPage/Images/school-kits-for-schools-parents.jpg]
[www.edukitinc.com/School-Information-2.html]
[www.edukitinc.com/schools/1339/EduKit Home Kits Colorado Springs, CO.html]
[www.edukitinc.com/Themes/Webmoco.Responsive.No1/PillarPage/Images/parents-minimize-stress.jpg]
[www.edukitinc.com/Themes/Webmoco.Responsive.No1/PillarPage/Images/schools-supply-kits.jpg]
[www.edukitinc.com/Themes/Webmoco.Responsive.No1/PillarPage/Images/backpack.png]
[ajax.googleapis.com/ajax/libs/jquery/3.6.0/jquery.min.js]
[www.edukitinc.com/Themes/Webmoco.Responsive.No1/PillarPage/pillar-page-functions.js]
[www.edukitinc.com/online-school-supplies.html]
[www.edukitinc.com/rssd12d]
[www.edukitinc.com/blog/01/24/2025/how-long-does-it-take-to-coordinate-a-school-supply-kit-program.html]
[www.edukitinc.com/Tags/School Supply Kits.html]
[www.edukitinc.com/Tags/Back-to-School.html]
[www.edukitinc.com/Tags/Back-to-School Supply Kits.html]
[www.edukitinc.com/Tags/Coordinator.html]
[www.edukitinc.com/Tags/How to run a school supply kit program.html]
[www.edukitinc.com/blog/11/12/2024/edukit-uncovered-how-school-supply-kits-simplify-back-to-school-for-families-and-schools.html]
[www.edukitinc.com/Tags/School Coordinators.html]
[www.edukitinc.com/Tags/School Fundraiser.html]
[www.edukitinc.com/blog/09/26/2024/implementing-a-successful-school-supply-kit-program-a-step-by-step-guide-for-parent-group-and-school-leaders.html]
[www.edukitinc.com/Tags/How To.html]
[www.edukitinc.com/blog/parent-teacher-partnership-nurturing-the-parents-as-teachers-approach.html]
[www.edukitinc.com/Tags/Parent-Teacher Partnership.html]
[www.edukitinc.com/Tags/Family Engagement.html]
[www.edukitinc.com/Tags/Student Success.html]
[www.edukitinc.com/Tags/Building School Community.html]
[www.edukitinc.com/Tags/Education Tips.html]
[www.edukitinc.com/Tags/School Fundraising.html]
[www.edukitinc.com/blog/navigating-back-to-school-season-how-edukit-can-help/index.html]
[www.edukitinc.com/blog/unpacking-the-edukit-experience/index.html]
[www.edukitinc.com/Tags/School Supply Drive.html]
[www.edukitinc.com/blog/3-ways-to-raise-school-supplies/index.html]
[www.edukitinc.com/blog/keep-your-kids-engaged-with-a-new-summer-hobby/index.html]
[www.edukitinc.com/Tags/Back-to-School Tips.html]
[www.edukitinc.com/Tags/PTO Fundraising Ideas.html]
[www.edukitinc.com/Tags/Classroom Essentials.html]
[www.edukitinc.com/blog/top-10-best-classroom-school-supplies-for-teachers/index.html]
[www.edukitinc.com/Tags/Best School Supplies.html]
[www.edukitinc.com/Tags/Back-to-school Supplies.html]
[www.edukitinc.com/Tags/school supply kits-2.html]
[www.edukitinc.com/blog/5-best-fundraising-ideas-for-elementary-schools/index.html]
[www.edukitinc.com/blog/managing-your-spending-routine-and-more/index.html]
[www.edukitinc.com/blog/hot-chocolate-recipes-to-make-with-your-kids/index.html]
[www.edukitinc.com/blog/getting-family-involved-in-the-community/index.html]
[www.edukitinc.com/Tags/school supply delivery.html]
[www.edukitinc.com/blog/easy-fall-themed-snacks-to-make-with-your-kids/index.html]
[www.edukitinc.com/blog/how-teaching-your-child-to-ride-a-bike-pays-off/index.html]
[www.edukitinc.com/blog/keep-your-kids-healthy-this-school-year/index.html]
[www.edukitinc.com/blog/helping-your-kids-choose-fun-afterschool-activities/index.html]
[www.edukitinc.com/blog/top-5-best-ways-to-celebrate-4th-of-July-with-kids/index.html]
[www.edukitinc.com/Tags/back-to-school tips-2.html]
[www.edukitinc.com/blog/turn-your-school-supply-lists-into-kits/index.html]
[www.edukitinc.com/blog/spread-school-spirit-with-personalized-school-planners/index.html]
[www.edukitinc.com/Tags/school supplies.html]
[www.edukitinc.com/blog/prepare-for-distance-learning-with-student-supplies/index.html]
[www.edukitinc.com/blog/provide-kindergarteners-with-school-supply-kits/index.html]
[www.edukitinc.com/Tags/prepackaged school supplies.html]
[www.edukitinc.com/Tags/distance learning.html]
[www.edukitinc.com/blog/ways-the-switch-to-e-learning-can-have-a-positive-impact.html]
[www.edukitinc.com/blog/providing-quality-services-to-grades-k-12/index.html]
[www.edukitinc.com/blog/top-ways-schools-can-help-student-success.html]
[www.edukitinc.com/blog4658.html]
[www.edukitinc.com/blog.html]
[www.edukitinc.com/contact.html]
[www.edukitinc.com/customer-service.html]
[www.edukitinc.com/employment-opportunities.html]
[www.edukitinc.com/Media/Default/Images/School Supply Kit.jpg]
[www.edukitinc.com/Media/Default/School Supplies logos/Crayola.png]
[www.edukitinc.com/Media/Default/School Supplies logos/Pacon.jpg]
[www.edukitinc.com/Media/Default/School Supplies logos/expo.png]
[www.edukitinc.com/Media/Default/School Supplies logos/Sharpie.png]
[www.edukitinc.com/Media/Default/School Supplies logos/post-it.png]
[www.edukitinc.com/Media/Default/Images/logo-dixon.jpg]
[www.edukitinc.com/Media/Default/Images/logo-pentel.jpg]
[www.edukitinc.com/Media/Default/Images/logo-forest.jpg]
[www.edukitinc.com/Media/Default/Images/logo-bic.jpg]
[www.edukitinc.com/Media/Default/Images/logo-papermate.jpg]
[www.edukitinc.com/Media/Default/Images/logo-3m.jpg]
[www.edukitinc.com/Media/Default/Images/logo-clorox.jpg]
[www.edukitinc.com/Media/Default/Images/logo-elmers.jpg]
[www.edukitinc.com/Media/Default/Images/logo-mead.jpg]
[www.edukitinc.com/Media/Default/Images/logo-fivestar.jpg]
[www.edukitinc.com/Media/Default/Images/logo-caseit.jpg]
[www.edukitinc.com/Media/Default/Images/logo-kimberlyclark.jpg]
[www.edukitinc.com/Media/Default/Images/logo-prang.jpg]
[www.edukitinc.com/Media/Default/Images/logo-sterilite.jpg]
[www.edukitinc.com/Media/Default/Images/logo-fiskars.jpg]
[www.edukitinc.com/Media/Default/Images/logo-texasinstruments.jpg]
[www.edukitinc.com/school-supplies.html]
[www.edukitinc.com/blog/who-benefits-from-school-supply-kits.html]
[www.edukitinc.com/faqs.html]
[www.edukitinc.com/Media/Default/Images/testimonials_background.jpg]
[www.edukitinc.com/Themes/Webmoco.Responsive.No1/Content/images/quote-icon.png]
[www.edukitinc.com/testimonials.html]
[www.edukitinc.com/Management/coordinator/forgot-password.html]
[www.edukitinc.com/Management/coordinator/login.html]
[www.edukitinc.com/Media/Default/Images/Planner Resources/2020/2020 Lifestyle Image - 1.png]
[www.edukitinc.com/Media/Default/Documents/2025 Planners/25-26 Catalog.pdf]
[www.edukitinc.com/Media/Default/Documents/2025 Planners/Primary Elementary Order Form.pdf]
[www.edukitinc.com/Media/Default/Documents/2025 Planners/MSHS Order Form.pdf]
[www.edukitinc.com/Media/Default/Documents/2024 Planners/Planner Cover Pic.png]
[www.edukitinc.com/Media/Default/Documents/2025 Planners/Elementary Order Form.png]
[www.edukitinc.com/Media/Default/Documents/2025 Planners/Middle Order Form.png]
[www.edukitinc.com/Media/Default/Documents/2025 Planners/Stock Mascots-1.pdf]
[www.edukitinc.com/Media/Default/Documents/2025 Planners/Info Due Dates - 25-26.pdf]
[www.edukitinc.com/Media/Default/Documents/2024 Planners/Rocket Ship Mascot.png]
[www.edukitinc.com/Media/Default/Documents/2025 Planners/Planner Order Due Dates 2025-2026.png]
[www.edukitinc.com/student-planners.html]
[www.edukitinc.com/returns-and-exchanges.html]
[www.edukitinc.com/seasonal-warehouse-jobs.html]
[www.edukitinc.com/employment-sales.html]
[www.edukitinc.com/sitemap.xml]
[www.edukitinc.com/blog/how-school-supply-kits-help-foster-success-in-your-school.html]
[www.edukitinc.com/resource-sitemap/index.html]
[www.edukitinc.com/blog/06/04/2020/5-benefits-of-school-supply-kits-from-edukit.html]
[www.edukitinc.com/blog/introducing-edukits-home-supply-kits-for-distance-learning.html]
[www.edukitinc.com/blog/family-activities-to-do-before-school-begins.html]
[www.edukitinc.com/blog/e-learning-success.html]
[www.edukitinc.com/blog/how-to-help-your-child-adjust-to-distance-learning.html]
[www.edukitinc.com/blog/edukits-response-to-covid-19.html]
[www.edukitinc.com/blog/how-does-the-edukit-program-work.html]
[www.edukitinc.com/sitemap.html]
[www.edukitinc.com/account/forgot-password.html]
[www.edukitinc.com/blog/how-to-get-your-children-back-into-a-school-routine.html]
[www.edukitinc.com/Media/Default/Images/Student prep blog.jpg]
[www.edukitinc.com/blog/how-to-prepare-for-the-2021-22-school-year-student-edition.html]
[www.edukitinc.com/blog/08/13/2020/family-activities-to-do-before-school-begins.html]
[www.edukitinc.com/blog/07/14/2020/how-to-prepare-for-the-2021-22-school-year-student-edition.html]
[www.edukitinc.com/blog/09/16/2020/5-school-supplies-every-elementary-student-can-t-have-enough-of.html]
[www.edukitinc.com/blog/07/02/2020/how-school-supply-kits-help-foster-success-in-your-school.html]
[www.edukitinc.com/School-Information-2.html]
[www.edukitinc.com/blog/04/09/2020/introducing-edukit-s-home-supply-kits-for-distance-learning.html]
[www.edukitinc.com/schools/1339/EduKit Home Kits Colorado Springs, CO.html]
[www.edukitinc.com/blog/08/10/2020/how-to-get-your-children-back-into-a-school-routine.html]
[www.edukitinc.com/blog/07/08/2020/how-to-prepare-for-the-2020-21-school-year-teacher-edition.html]
[www.edukitinc.com/blog/04/06/2020/how-does-the-edukit-program-work.html]
[www.edukitinc.com/blog/06/25/2020/who-benefits-from-school-supply-kits.html]
[www.edukitinc.com/school-informatione7ca.html]
[www.edukitinc.com/Media/Default/Images/Get Started.png]
[www.edukitinc.com/blog/01/24/2025/how-long-does-it-take-to-coordinate-a-school-supply-kit-program.html]
[www.edukitinc.com/Tags/School Supply Kits4658.html]
[www.edukitinc.com/Tags/School Supply Kits9ba9.html]
[www.edukitinc.com/Tags/School Supply Kits.html]
[www.edukitinc.com/Tags/Back-to-School.html]
[www.edukitinc.com/Tags/Back-to-School Supply Kits.html]
[www.edukitinc.com/Tags/Coordinator.html]
[www.edukitinc.com/Tags/How to run a school supply kit program.html]
[www.edukitinc.com/Media/Default/Images/Parent-Teacher Relationship - “Parents as Teachers” Appoach.jpg]
[www.edukitinc.com/blog/11/12/2024/edukit-uncovered-how-school-supply-kits-simplify-back-to-school-for-families-and-schools.html]
[www.edukitinc.com/Tags/School Coordinators.html]
[www.edukitinc.com/Tags/School Fundraiser.html]
[www.edukitinc.com/Media/Default/Images/Student with School Supplies.png]
[www.edukitinc.com/blog/09/26/2024/implementing-a-successful-school-supply-kit-program-a-step-by-step-guide-for-parent-group-and-school-leaders.html]
[www.edukitinc.com/Tags/How To.html]
[www.edukitinc.com/Media/Default/Images/Parent-Teacher Association-1.jpg]
[www.edukitinc.com/Media/Default/Images/Parent-Teacher Conference Questions-1.jpg]
[www.edukitinc.com/blog/parent-teacher-partnership-nurturing-the-parents-as-teachers-approach.html]
[www.edukitinc.com/Tags/Parent-Teacher Partnership.html]
[www.edukitinc.com/Tags/Family Engagement.html]
[www.edukitinc.com/Tags/Student Success.html]
[www.edukitinc.com/Tags/Building School Community.html]
[www.edukitinc.com/Tags/Education Tips.html]
[www.edukitinc.com/Media/Default/Images/Completing Back to School Checklist.jpg]
[www.edukitinc.com/Media/Default/Images/School Safety for Back to School.jpg]
[www.edukitinc.com/Media/Default/Images/Back to School Communication.jpg]
[www.edukitinc.com/blog/navigating-back-to-school-season-how-edukit-can-help/index.html]
[www.edukitinc.com/Media/Default/Images/Kids Reading as a Summer Hobby.jpg]
[www.edukitinc.com/Media/Default/Images/Picking Up Photography as a Summer Hobby.jpg]
[www.edukitinc.com/Media/Default/Images/Cooking as a Summer Hobby for Kids.jpg]
[www.edukitinc.com/Media/Default/Images/Kids Are Ready to Play Chess This Summer.jpg]
[www.edukitinc.com/Media/Default/Images/Choosing Gardening as a Summer Hobby for Kids.jpg]
[www.edukitinc.com/blog/keep-your-kids-engaged-with-a-new-summer-hobby/index.html]
[www.edukitinc.com/Media/Default/Images/An EduKit box opened with brand-name school supplies neatly tucked inside and standing up in the box.jpg]
[www.edukitinc.com/Media/Default/Images/Signing Up for EduKit Step 1.jpg]
[www.edukitinc.com/Media/Default/Images/Signing Up for EduKit Step 2.jpg]
[www.edukitinc.com/blog/unpacking-the-edukit-experience/index.html]
[www.edukitinc.com/Media/Default/Images/School Supply Donation Programs.jpg]
[www.edukitinc.com/blog/3-ways-to-raise-school-supplies/index.html]
[www.edukitinc.com/Tags/School Fundraising.html]
[www.edukitinc.com/Tags/School Supply Drive.html]
[www.edukitinc.com/Tags/Back-to-School Tips.html]
[www.edukitinc.com/Tags/PTO Fundraising Ideas.html]
[www.edukitinc.com/Media/Default/Images/Best Classroom Supplies for Teachers.jpg]
[www.edukitinc.com/blog/top-10-best-classroom-school-supplies-for-teachers/index.html]
[www.edukitinc.com/Tags/Classroom Essentials.html]
[www.edukitinc.com/Tags/Best School Supplies.html]
[www.edukitinc.com/Tags/Back-to-school Supplies.html]
[www.edukitinc.com/Media/Default/Images/Picture1.jpg]
[www.edukitinc.com/blog/5-best-fundraising-ideas-for-elementary-schools/index.html]
[www.edukitinc.com/Media/Default/Images/Back to School Shopping Tips for Parents (1).jpg]
[www.edukitinc.com/blog/managing-your-spending-routine-and-more/index.html]
[www.edukitinc.com/Media/Default/Images/Get Involved in My Community with Nature Clean Up.jpg]
[www.edukitinc.com/Media/Default/Images/Tree Planting Community Events for Families.jpg]
[www.edukitinc.com/Media/Default/Images/EduKit Donation to El Sistema Colorado.jpg]
[www.edukitinc.com/blog/getting-family-involved-in-the-community/index.html]
[www.edukitinc.com/Media/Default/Images/Family of Four Drinking a Hot Chocolate Recipe for Kids in the Back of Their Car.jpg]
[www.edukitinc.com/Media/Default/Images/Two Young Girls Learning How to Make Hot Chocolate for Kids.jpg]
[www.edukitinc.com/blog/hot-chocolate-recipes-to-make-with-your-kids/index.html]
[www.edukitinc.com/Media/Default/Images/Keeping Your Kids Healthy in School.jpg]
[www.edukitinc.com/blog/keep-your-kids-healthy-this-school-year/index.html]
[www.edukitinc.com/Media/Default/Images/Mom Making Fall-Themed Snacks with Her Kid.jpg]
[www.edukitinc.com/blog/easy-fall-themed-snacks-to-make-with-your-kids/index.html]
[www.edukitinc.com/Media/Default/Images/Tips for Teaching Kids to Ride a Bike.jpg]
[www.edukitinc.com/blog/how-teaching-your-child-to-ride-a-bike-pays-off/index.html]
[www.edukitinc.com/Media/Default/Images/Choosing Fun Afterschool Activities.jpg]
[www.edukitinc.com/blog/helping-your-kids-choose-fun-afterschool-activities/index.html]
[www.edukitinc.com/Media/Default/Images/Fourth of July Activities to Do with Your Kids.jpg]
[www.edukitinc.com/Media/Default/Images/Kids Enjoying Sparklers on The Fourth of July.jpg]
[www.edukitinc.com/blog/top-5-best-ways-to-celebrate-4th-of-July-with-kids/index.html]
[www.edukitinc.com/Media/Default/Images/Turn Your School Supply Lists into Custom Kits.jpg]
[www.edukitinc.com/blog/turn-your-school-supply-lists-into-kits/index.html]
[www.edukitinc.com/Tags/school supply kits4658-2.html]
[www.edukitinc.com/Tags/school supply kits9ba9-2.html]
[www.edukitinc.com/Tags/school supply kits-2.html]
[www.edukitinc.com/blog/how-to-prepare-for-the-2020-21-school-year-teacher-edition.html]
[www.edukitinc.com/Tags/online school supplies.html]
[www.edukitinc.com/Tags/kids school supplies.html]
[www.edukitinc.com/blog/order-school-supply-kits-for-the-2020-21-school-year.html]
[www.edukitinc.com/Tags/school supply packages.html]
[www.edukitinc.com/Tags/how does edukit work.html]
[www.edukitinc.com/Tags/what is an edukit.html]
[www.edukitinc.com/Tags/school supply delivery.html]
[www.edukitinc.com/Media/Default/Images/Ensuring Student Success with Personalized School Planners (1).jpg]
[www.edukitinc.com/blog/spread-school-spirit-with-personalized-school-planners/index.html]
[www.edukitinc.com/Tags/back-to-school tips-2.html]
[www.edukitinc.com/Tags/school supply box.html]
[www.edukitinc.com/Tags/back-to-school kit.html]
[www.edukitinc.com/Tags/covid-19.html]
[www.edukitinc.com/Tags/edukit health and safety.html]
[www.edukitinc.com/Tags/school supplies.html]
[www.edukitinc.com/Media/Default/Images/Start School Right with a Kindergarten School Supplies Kit.jpg]
[www.edukitinc.com/blog/provide-kindergarteners-with-school-supply-kits/index.html]
[www.edukitinc.com/Media/Default/Images/Preparing for Distance Learning with Supplies for Students.jpg]
[www.edukitinc.com/blog/prepare-for-distance-learning-with-student-supplies/index.html]
[www.edukitinc.com/Tags/prepackaged school supplies.html]
[www.edukitinc.com/Tags/online learning.html]
[www.edukitinc.com/Tags/distance learning.html]
[www.edukitinc.com/Media/Default/Images/K12 Online School Supply Lists Make Back to School Easy.jpg]
[www.edukitinc.com/blog/providing-quality-services-to-grades-k-12/index.html]
[www.edukitinc.com/Media/Default/Images/advantages2.jpg]
[www.edukitinc.com/blog/ways-the-switch-to-e-learning-can-have-a-positive-impact.html]
[www.edukitinc.com/Media/Default/Images/successful-elementary-student.jpg]
[www.edukitinc.com/blog/top-ways-schools-can-help-student-success.html]
[www.edukitinc.com/blog/5-school-supplies-every-elementary-student-can-t-have-enough-of.html]
[www.edukitinc.com/blog4658.html]
[www.edukitinc.com/GET.html]
[www.edukitinc.com/Tags/back-to-school shopping.html]
[www.edukitinc.com/Media/Default/Images/Who Benefits Blog.jpg]
[www.edukitinc.com/blog/who-benefits-from-school-supply-kits.html]
[www.edukitinc.com/Management/coordinator/forgot-password.html]
[www.edukitinc.com/job-application-seasonal.html]
[www.edukitinc.com/Media/Default/Images/Mike smiling-1.jpg]
[www.edukitinc.com/Media/Default/Images/Nadia and Erika-1.jpg]
[www.edukitinc.com/seasonal-warehouse-jobs.html]
[www.google.com/recaptcha/api.js]
[cdnjs.cloudflare.com/ajax/libs/jquery-form-validator/2.3.26/theme-default.min.css]
[www.edukitinc.com/employment-sales.html]
[www.edukitinc.com/resource-sitemap/index.html]
[cdnjs.cloudflare.com/ajax/libs/jquery-validate/1.16.0/jquery.validate.min.js]
[www.edukitinc.com/blog/how-school-supply-kits-help-foster-success-in-your-school.html]
[www.edukitinc.com/Media/Default/Images/Improve Your School Blog.jpg]
[www.edukitinc.com/Media/Default/Images/Planner Resources/2019/Elementary_Studentsm.jpg]
[www.edukitinc.com/Media/Default/Images/edukit_Benefits of School Supply Kits-01.png]
[www.edukitinc.com/blog/06/04/2020/5-benefits-of-school-supply-kits-from-edukit.html]
[www.edukitinc.com/Media/Default/Images/Home Supply Kit Blog-1.jpg]
[www.edukitinc.com/blog/introducing-edukits-home-supply-kits-for-distance-learning.html]
[www.edukitinc.com/Media/Default/Images/EduKitBackToSchool.jpg]
[www.edukitinc.com/blog/family-activities-to-do-before-school-begins.html]
[www.edukitinc.com/Media/Default/Images/Blog Images/online-education-girl-e-learning-on-computer-1.jpg]
[www.edukitinc.com/blog/e-learning-success.html]
[www.edukitinc.com/Media/Default/Images/Adjust to Distance Learning Blog.jpg]
[www.edukitinc.com/blog/how-to-help-your-child-adjust-to-distance-learning.html]
[www.edukitinc.com/Media/Default/Images/How Does EduKit Work Blog Featured Image.jpg]
[www.edukitinc.com/blog/edukits-response-to-covid-19.html]
[www.edukitinc.com/Media/Default/Images/COVID Response Featured Image.jpg]
[www.edukitinc.com/Media/Default/Images/The Processinfographic.jpg]
[www.edukitinc.com/blog/how-does-the-edukit-program-work.html]
[www.edukitinc.com/school-informatione7ca.html]
[www.edukitinc.com/Tags/School Supply Kits4658.html]
[www.edukitinc.com/Tags/School Supply Kits9ba9.html]
[www.edukitinc.com/Tags/school supply kits4658-2.html]
[www.edukitinc.com/Tags/school supply kits9ba9-2.html]
[www.edukitinc.com/Media/Default/Images/Teacher Prep Blog.jpg]
[www.edukitinc.com/Media/Default/Images/Preparing For The 2020-21 School Year 2.jpg]
[www.edukitinc.com/blog/how-to-prepare-for-the-2020-21-school-year-teacher-edition.html]
[www.edukitinc.com/Tags/online school supplies.html]
[www.edukitinc.com/Tags/kids school supplies.html]
[www.edukitinc.com/Media/Default/Images/2020-21 Registration Blog.jpg]
[www.edukitinc.com/blog/order-school-supply-kits-for-the-2020-21-school-year.html]
[www.edukitinc.com/Tags/school supply packages.html]
[www.edukitinc.com/Tags/how does edukit work.html]
[www.edukitinc.com/Tags/what is an edukit.html]
[www.edukitinc.com/Tags/school supply box.html]
[www.edukitinc.com/Tags/back-to-school kit.html]
[www.edukitinc.com/Tags/covid-19.html]
[www.edukitinc.com/Tags/edukit health and safety.html]
[www.edukitinc.com/Tags/online learning.html]
[www.edukitinc.com/Media/Default/Images/5-Necessary-School-Supplies_infographic.jpg]
[www.edukitinc.com/blog/5-school-supplies-every-elementary-student-can-t-have-enough-of.html]
[www.edukitinc.com/Tags/back-to-school shopping.html]
[cdnsrc.asp.net/ajax/jquery.ui/1.9.2/jquery-ui.min.js]
[www.edukitinc.com/Media/EduKit-Program-Advantages.pdf]
[www.edukitinc.com/Media/EduKit-Brochure_2018-Web.pdf]
[cdnjs.cloudflare.com/ajax/libs/jquery-confirm/3.3.4/jquery-confirm.min.js]
[www.edukitinc.com/Themes/Webmoco.Responsive.No1/Content/fonts/glyphicons-halflings-regular.eot]
[www.edukitinc.com/Themes/Webmoco.Responsive.No1/Content/fonts/glyphicons-halflings-regulard41d.eot]
[www.edukitinc.com/Themes/Webmoco.Responsive.No1/Content/images/ChalkboardBG.jpg]
[cdnsrc.asp.net/ajax/jquery.ui/1.12.1/jquery-ui.min.js]
[www.edukitinc.com/Modules/Edukit/Scripts/tinymce/tinymce.min.js]
[www.edukitinc.com/Media/Default/Images/advertising-images/EduKit-High-Res2018-w-Shadow-(1).png]
[www.edukitinc.com/Themes/Webmoco.Responsive.No1/Content/fonts/glyphicons-halflings-regular.woff2]
[js.hsforms.net/forms/embed/v2.js]
[www.edukitinc.com/Themes/Webmoco.Responsive.No1/DistrictKits/images/xs-img.png]
[www.edukitinc.com/Themes/Webmoco.Responsive.No1/Content/images/colored-pencils.jpg]
[www.edukitinc.com/Themes/Webmoco.Responsive.No1/DistrictKits/images/kit-img.png]
[www.edukitinc.com/Themes/Webmoco.Responsive.No1/Content/fonts/glyphicons-halflings-regular.woff]
[www.edukitinc.com/Themes/Webmoco.Responsive.No1/Content/images/warehouse.jpg]
[www.edukitinc.com/Themes/Webmoco.Responsive.No1/PillarPage/Images/parents-minimize-stress.jpg]
[www.edukitinc.com/Themes/Webmoco.Responsive.No1/PillarPage/Images/school-kits-for-schools-parents.jpg]
[www.edukitinc.com/Themes/Webmoco.Responsive.No1/PillarPage/Images/schools-supply-kits.jpg]
[www.edukitinc.com/Themes/Webmoco.Responsive.No1/Content/fonts/glyphicons-halflings-regular.ttf]
[ajax.googleapis.com/ajax/libs/jquery/3.6.0/jquery.min.js]
[www.edukitinc.com/Themes/Webmoco.Responsive.No1/PillarPage/Images/backpack.png]
[www.edukitinc.com/Media/Default/Images/School Supply Kit.jpg]
[www.edukitinc.com/rssd12d]
[www.edukitinc.com/Media/Default/Images/testimonials_background.jpg]
[www.edukitinc.com/Themes/Webmoco.Responsive.No1/Styles/bootstrap.min.css]
[www.edukitinc.com/Media/Default/Images/logo-forest.jpg]
[www.edukitinc.com/Media/Default/School Supplies logos/post-it.png]
[www.edukitinc.com/Media/Default/Images/Planner Resources/2020/2020 Lifestyle Image - 1.png]
[www.edukitinc.com/Themes/Webmoco.Responsive.No1/Content/fonts/MuseoSansRounded-300.woff2]
[www.edukitinc.com/Media/Default/Documents/2025 Planners/25-26 Catalog.pdf]
[www.edukitinc.com/Media/Default/Documents/2025 Planners/Primary Elementary Order Form.pdf]
[www.edukitinc.com/Media/Default/Documents/2025 Planners/MSHS Order Form.pdf]
[www.edukitinc.com/Media/Default/Documents/2025 Planners/Stock Mascots-1.pdf]
[www.edukitinc.com/sitemap.xml]
[www.edukitinc.com/Themes/Webmoco.Responsive.No1/Content/fonts/MuseoSansRounded-300.woff]
[www.edukitinc.com/Media/Default/Images/Student with School Supplies.png]
[www.edukitinc.com/Media/Default/Images/Completing Back to School Checklist.jpg]
[www.edukitinc.com/Media/Default/Images/School Safety for Back to School.jpg]
[www.edukitinc.com/Media/Default/Images/Back to School Communication.jpg]
[www.edukitinc.com/Themes/Webmoco.Responsive.No1/Content/fonts/MuseoSansRounded-300.ttf]
[www.edukitinc.com/Media/Default/Images/Picking Up Photography as a Summer Hobby.jpg]
[www.edukitinc.com/Media/Default/Images/Kids Reading as a Summer Hobby.jpg]
[www.edukitinc.com/Themes/Webmoco.Responsive.No1/Content/fonts/MuseoSansRounded-300.eot]
[www.edukitinc.com/Media/Default/Images/Cooking as a Summer Hobby for Kids.jpg]
[www.edukitinc.com/Media/Default/Images/Kids Are Ready to Play Chess This Summer.jpg]
[www.edukitinc.com/Media/Default/Images/Choosing Gardening as a Summer Hobby for Kids.jpg]
[www.edukitinc.com/Media/Default/Images/An EduKit box opened with brand-name school supplies neatly tucked inside and standing up in the box.jpg]
[www.edukitinc.com/Media/Default/Images/School Supply Donation Programs.jpg]
[www.edukitinc.com/Media/Default/Images/Picture1.jpg]
[www.edukitinc.com/Media/Default/Images/Best Classroom Supplies for Teachers.jpg]
[www.edukitinc.com/Media/Default/Images/Back to School Shopping Tips for Parents (1).jpg]
[www.edukitinc.com/Themes/Webmoco.Responsive.No1/Content/fonts/MuseoSansRounded-500.woff2]
[www.edukitinc.com/Media/Default/Images/Tree Planting Community Events for Families.jpg]
[www.edukitinc.com/Media/Default/Images/EduKit Donation to El Sistema Colorado.jpg]
[www.edukitinc.com/Media/Default/Images/Get Involved in My Community with Nature Clean Up.jpg]
[www.edukitinc.com/Media/Default/Images/Family of Four Drinking a Hot Chocolate Recipe for Kids in the Back of Their Car.jpg]
[www.edukitinc.com/Themes/Webmoco.Responsive.No1/Content/fonts/MuseoSansRounded-500.woff]
[www.edukitinc.com/Media/Default/Images/Two Young Girls Learning How to Make Hot Chocolate for Kids.jpg]
[www.edukitinc.com/Media/Default/Images/Mom Making Fall-Themed Snacks with Her Kid.jpg]
[www.edukitinc.com/Media/Default/Images/Keeping Your Kids Healthy in School.jpg]
[www.edukitinc.com/Media/Default/Images/Tips for Teaching Kids to Ride a Bike.jpg]
[www.edukitinc.com/Themes/Webmoco.Responsive.No1/Content/fonts/MuseoSansRounded-500.ttf]
[www.edukitinc.com/Media/Default/Images/Choosing Fun Afterschool Activities.jpg]
[www.edukitinc.com/Media/Default/Images/Fourth of July Activities to Do with Your Kids.jpg]
[www.edukitinc.com/Media/Default/Images/Kids Enjoying Sparklers on The Fourth of July.jpg]
[www.edukitinc.com/Media/Default/Images/Turn Your School Supply Lists into Custom Kits.jpg]
[www.edukitinc.com/Themes/Webmoco.Responsive.No1/Content/fonts/MuseoSansRounded-500.eot]
[www.edukitinc.com/Media/Default/Images/Ensuring Student Success with Personalized School Planners (1).jpg]
[www.edukitinc.com/Media/Default/Images/Start School Right with a Kindergarten School Supplies Kit.jpg]
[www.edukitinc.com/Media/Default/Images/Preparing for Distance Learning with Supplies for Students.jpg]
[www.edukitinc.com/Media/Default/Images/K12 Online School Supply Lists Make Back to School Easy.jpg]
[www.google.com/recaptcha/api.js]
[www.edukitinc.com/Media/Default/Images/advantages2.jpg]
[www.edukitinc.com/Media/Default/Images/successful-elementary-student.jpg]
[cdnjs.cloudflare.com/ajax/libs/jquery-validate/1.16.0/jquery.validate.min.js]
[www.edukitinc.com/Themes/Webmoco.Responsive.No1/Content/fonts/MuseoSansRounded-900.1a3.delayed]
[www.edukitinc.com/Media/Default/Images/Improve Your School Blog.jpg]
[www.edukitinc.com/Media/Default/Images/Planner Resources/2019/Elementary_Studentsm.jpg]
[www.edukitinc.com/Media/Default/Images/edukit_Benefits of School Supply Kits-01.png]
[www.edukitinc.com/Media/Default/Images/EduKitBackToSchool.jpg]
[www.edukitinc.com/Themes/Webmoco.Responsive.No1/Content/fonts/MuseoSansRounded-900.woff]
[www.edukitinc.com/Media/Default/Images/Blog Images/online-education-girl-e-learning-on-computer-1.jpg]
[www.edukitinc.com/Media/Default/Images/The Processinfographic.jpg]
[www.edukitinc.com/Media/Default/Images/Preparing For The 2020-21 School Year 2.jpg]
[www.edukitinc.com/Media/Default/Images/5-Necessary-School-Supplies_infographic.jpg]
[www.edukitinc.com/Themes/Webmoco.Responsive.No1/Content/fonts/MuseoSansRounded-900.ttf]
[www.edukitinc.com/Themes/Webmoco.Responsive.No1/Content/fonts/MuseoSansRounded-300.woff]
[www.edukitinc.com/Themes/Webmoco.Responsive.No1/Content/fonts/MuseoSansRounded-500.woff]
[www.edukitinc.com/Themes/Webmoco.Responsive.No1/Content/fonts/MuseoSansRounded-300.ttf]
[www.edukitinc.com/Themes/Webmoco.Responsive.No1/Content/fonts/MuseoSansRounded-300.eot]
[www.edukitinc.com/Themes/Webmoco.Responsive.No1/Content/fonts/MuseoSansRounded-900.eot]
[www.edukitinc.com/Themes/Webmoco.Responsive.No1/Content/fonts/MuseoSansRounded-900.woff]
[www.edukitinc.com/Themes/Webmoco.Responsive.No1/Content/fonts/MuseoSansRounded-500.ttf]
[www.edukitinc.com/Themes/Webmoco.Responsive.No1/Content/fonts/MuseoSansRounded-500.eot]
[www.edukitinc.com/Themes/Webmoco.Responsive.No1/Content/fonts/MuseoSansRounded-900.ttf]
[www.edukitinc.com/Themes/Webmoco.Responsive.No1/Content/fonts/MuseoSansRounded-900.eot]
[www.edukitinc.com/Themes/Webmoco.Responsive.No1/Content/fonts/Satisfy-Regular.woff2]
[www.edukitinc.com/Themes/Webmoco.Responsive.No1/Content/fonts/Satisfy-Regular.woff]
[www.edukitinc.com/Themes/Webmoco.Responsive.No1/Content/fonts/Satisfy-Regular.ttf]
[www.edukitinc.com/Themes/Webmoco.Responsive.No1/Content/fonts/Satisfy-Regular.eot]
[www.edukitinc.com/Themes/Webmoco.Responsive.No1/Content/fonts/OpenSans-Regular.woff2]
[www.edukitinc.com/Themes/Webmoco.Responsive.No1/Content/fonts/OpenSans-Regular.woff]
[www.edukitinc.com/Themes/Webmoco.Responsive.No1/Content/fonts/OpenSans-Regular.ttf]
[www.edukitinc.com/Themes/Webmoco.Responsive.No1/Content/fonts/OpenSans-Regular.eot]
[www.edukitinc.com/Themes/Webmoco.Responsive.No1/Content/images/slide-2.jpg]
[www.edukitinc.com/Themes/Webmoco.Responsive.No1/Content/images/rocket-large.jpg]
[www.edukitinc.com/Themes/Webmoco.Responsive.No1/Content/images/slide-3.jpg]
[www.edukitinc.com/Themes/Webmoco.Responsive.No1/Content/images/slide-4.jpg]
[www.edukitinc.com/Themes/Webmoco.Responsive.No1/Content/images/checkmark.png]
[www.edukitinc.com/Themes/Webmoco.Responsive.No1/Content/images/little-star.png]
[www.edukitinc.com/Themes/Webmoco.Responsive.No1/Content/images/big-star.png]
[www.edukitinc.com/Themes/Webmoco.Responsive.No1/Content/images/boxes.jpg]
[www.edukitinc.com/Themes/Webmoco.Responsive.No1/Content/images/classroom-instruction.png]
[www.edukitinc.com/Themes/Webmoco.Responsive.No1/Styles/stylea046.css]
[ajax.aspnetcdn.com/ajax/jquery.ui/1.12.1/themes/blitzer/images/ui-bg_highlight-soft_15_cc0000_1x100.png]
[ajax.aspnetcdn.com/ajax/jquery.ui/1.12.1/themes/blitzer/images/ui-bg_highlight-hard_100_eeeeee_1x100.png]
[ajax.aspnetcdn.com/ajax/jquery.ui/1.12.1/themes/blitzer/images/ui-bg_highlight-hard_100_f6f6f6_1x100.png]
[ajax.aspnetcdn.com/ajax/jquery.ui/1.12.1/themes/blitzer/images/ui-bg_glass_55_fbf8ee_1x400.png]
[ajax.aspnetcdn.com/ajax/jquery.ui/1.12.1/themes/blitzer/images/ui-bg_diagonals-thick_75_f3d8d8_40x40.png]
[ajax.aspnetcdn.com/ajax/jquery.ui/1.12.1/themes/blitzer/images/ui-icons_cc0000_256x240.png]
[ajax.aspnetcdn.com/ajax/jquery.ui/1.12.1/themes/blitzer/images/ui-icons_cc0000_256x240.png]
[ajax.aspnetcdn.com/ajax/jquery.ui/1.12.1/themes/blitzer/images/ui-icons_ffffff_256x240.png]
[ajax.aspnetcdn.com/ajax/jquery.ui/1.12.1/themes/blitzer/images/ui-icons_004276_256x240.png]
[ajax.aspnetcdn.com/ajax/jquery.ui/1.12.1/themes/blitzer/jquery-ui.css]
[cdnjs.cloudflare.com/ajax/libs/jquery-confirm/3.3.0/jquery-confirm.min.css]
[www.googletagmanager.com/gtm5445.html]
[www.edukitinc.com/Themes/Webmoco.Responsive.No1/Content/images/EduKit-Logo-2018.svg]
[seal-southerncolorado.bbb.org/inc/legacy.html]
[seal-southerncolorado.bbb.org/logo/ruvtbum/bbb-23002162.html]
[ajax.aspnetcdn.com/ajax/jquery.ui/1.12.1/themes/blitzer/images/ui-bg_dots-small_65_a6a6a6_2x2.png]
[www.edukitinc.com/account/forgot-password.html]
[cdnjs.cloudflare.com/ajax/libs/jquery-confirm/3.3.4/jquery-confirm.min.css]
[www.edukitinc.com/Themes/Webmoco.Responsive.No1/Styles/slick.css]
[www.edukitinc.com/Themes/Webmoco.Responsive.No1/Styles/slick-theme.css]
[www.edukitinc.com/Themes/Webmoco.Responsive.No1/Styles/style.css]
[www.edukitinc.com/Themes/Webmoco.Responsive.No1/PillarPage/Images/learn-about-edukit-cta.jpg]
[www.edukitinc.com/Themes/Webmoco.Responsive.No1/PillarPage/pillar-page-css.css]
[www.edukitinc.com/blog/08/13/2020/family-activities-to-do-before-school-begins.html]
[www.edukitinc.com/blog/08/10/2020/how-to-get-your-children-back-into-a-school-routine.html]
[www.edukitinc.com/blog/07/08/2020/how-to-prepare-for-the-2020-21-school-year-teacher-edition.html]
[www.edukitinc.com/blog/01/24/2025/how-long-does-it-take-to-coordinate-a-school-supply-kit-program.html]
[d17nz991552y2g.cloudfront.net/app/js/jqueryandencoder.ffa5afd5124fbedceea9.html]
[www.edukitinc.com/resource-sitemap/index.html]
[www.edukitinc.com/Tags/school supply kits4658-2.html]
[www.edukitinc.com/Tags/school supply box.html]
[www.edukitinc.com/Tags/online learning.html]
[www.edukitinc.com/blog/5-school-supplies-every-elementary-student-can-t-have-enough-of.html]
[cdnjs.cloudflare.com/ajax/libs/jquery-form-validator/2.3.26/theme-default.min.css]
[www.edukitinc.com/Themes/Webmoco.Responsive.No1/Content/fonts/glyphicons-halflings-regular.svg]
[www.edukitinc.com/Themes/Webmoco.Responsive.No1/Content/fonts/MuseoSansRounded-300.svg]
[www.edukitinc.com/Themes/Webmoco.Responsive.No1/Content/fonts/MuseoSansRounded-500.svg]
[www.edukitinc.com/Themes/Webmoco.Responsive.No1/Content/fonts/MuseoSansRounded-900.svg]
[www.edukitinc.com/Themes/Webmoco.Responsive.No1/Content/fonts/Satisfy-Regular.svg]
[www.edukitinc.com/Themes/Webmoco.Responsive.No1/Content/fonts/OpenSans-Regular.svg]
[www.edukitinc.com/Themes/Webmoco.Responsive.No1/Styles/ajax-loader.html]
[www.edukitinc.com/Themes/Webmoco.Responsive.No1/Styles/fonts/slick.html]
[www.edukitinc.com/Themes/Webmoco.Responsive.No1/Styles/fonts/slickd41d.html]
[www.edukitinc.com/Themes/Webmoco.Responsive.No1/Styles/fonts/slick-2.html]
[www.edukitinc.com/Themes/Webmoco.Responsive.No1/Styles/fonts/slick-3.html]
[www.edukitinc.com/Themes/Webmoco.Responsive.No1/Styles/fonts/slick-4.html]
